[2026-01-01T19:20:13.416Z] ::1 GET /
[2026-01-01T19:20:13.755Z] ::1 GET /styles.css
[2026-01-01T19:20:13.762Z] ::1 GET /app.js
[2026-01-01T19:20:16.037Z] ::1 GET /api/weather
[2026-01-01T19:20:28.093Z] ::1 GET /api/weather/search?city=los%20angeles
[2026-01-01T19:20:47.785Z] ::1 GET /api/weather/Nur-Sultan
[02/01/2026, 00:24:30] ::1 GET /
[02/01/2026, 00:24:30] ::1 GET /styles.css
[02/01/2026, 00:24:30] ::1 GET /app.js
[02/01/2026, 00:24:31] ::1 GET /api/weather
[02/01/2026, 00:24:54] ::1 GET /api/weather/Nur-Sultan
[02/01/2026, 00:27:26] ::1 GET /
[02/01/2026, 00:27:27] ::1 GET /styles.css
[02/01/2026, 00:27:27] ::1 GET /app.js
[02/01/2026, 00:27:28] ::1 GET /api/weather
[02/01/2026, 00:39:17] ::1 GET /
[02/01/2026, 00:39:17] ::1 GET /styles.css
[02/01/2026, 00:39:17] ::1 GET /app.js
[02/01/2026, 00:39:18] ::1 GET /api/weather
[02/01/2026, 00:39:56] ::1 POST /api/users
[02/01/2026, 00:40:10] ::1 POST /api/users/test-email
[02/01/2026, 00:40:11] ::1 POST /api/users/test-email
[02/01/2026, 00:40:12] ::1 POST /api/users/test-email
[02/01/2026, 00:40:12] ::1 POST /api/users/test-email
[02/01/2026, 00:40:13] ::1 POST /api/users/test-email
[02/01/2026, 00:43:49] ::1 POST /api/users
[02/01/2026, 00:45:18] ::1 GET /
[02/01/2026, 00:45:19] ::1 GET /styles.css
[02/01/2026, 00:45:19] ::1 GET /app.js
[02/01/2026, 00:45:19] ::1 GET /api/weather
[02/01/2026, 00:46:43] ::1 GET /
[02/01/2026, 00:46:43] ::1 GET /styles.css
[02/01/2026, 00:46:43] ::1 GET /app.js
[02/01/2026, 00:46:44] ::1 GET /api/weather
[02/01/2026, 00:50:05] ::1 GET /
[02/01/2026, 00:50:05] ::1 GET /styles.css
[02/01/2026, 00:50:05] ::1 GET /app.js
[02/01/2026, 00:50:05] ::1 GET /api/weather
[02/01/2026, 00:50:20] ::1 POST /api/users/test-email
[02/01/2026, 00:54:27] ::1 GET /
[02/01/2026, 00:54:28] ::1 GET /styles.css
[02/01/2026, 00:54:28] ::1 GET /app.js
[02/01/2026, 00:54:28] ::1 GET /api/weather
[02/01/2026, 00:54:49] ::1 POST /api/users/test-email
[02/01/2026, 01:21:12] ::1 GET /
[02/01/2026, 01:21:13] ::1 GET /app.js
[02/01/2026, 01:21:13] ::1 GET /styles.css
[02/01/2026, 01:21:13] ::1 GET /api/weather
[02/01/2026, 01:21:13] ::1 GET /api/notifications/status
[02/01/2026, 01:21:18] ::1 POST /api/notifications/send-now
[02/01/2026, 01:21:18] ::1 POST /api/notifications/send-now
[02/01/2026, 01:21:22] ::1 POST /api/notifications/send-now
[02/01/2026, 01:22:32] ::1 GET /api/weather/Aktau
[02/01/2026, 01:22:39] ::1 GET /api/notifications/forecast?city=Aktau
[02/01/2026, 01:23:09] ::1 GET /
[02/01/2026, 01:23:09] ::1 GET /styles.css
[02/01/2026, 01:23:09] ::1 GET /app.js
[02/01/2026, 01:23:21] ::1 GET /api/weather
[02/01/2026, 01:23:21] ::1 GET /api/notifications/status
[02/01/2026, 01:27:27] ::1 GET /
[02/01/2026, 01:27:27] ::1 GET /styles.css
[02/01/2026, 01:27:27] ::1 GET /app.js
[02/01/2026, 01:27:27] ::1 GET /api/weather
[02/01/2026, 01:30:52] ::1 GET /
[02/01/2026, 01:30:52] ::1 GET /styles.css
[02/01/2026, 01:30:52] ::1 GET /app.js
[02/01/2026, 01:30:52] ::1 GET /api/weather
[02/01/2026, 01:31:03] ::1 GET /api/weather/Taraz
[02/01/2026, 01:31:25] ::1 POST /api/users/test-email
[02/01/2026, 01:32:34] ::1 GET /api/weather/Nur-Sultan
[02/01/2026, 01:32:38] ::1 POST /api/users/test-email
[02/01/2026, 01:33:39] ::1 POST /api/users
[02/01/2026, 01:33:39] ::1 POST /api/users/test-email
[02/01/2026, 01:34:44] ::1 GET /api/weather/Taraz
[02/01/2026, 01:34:48] ::1 POST /api/users
[02/01/2026, 02:14:12] ::1 GET /
[02/01/2026, 02:14:12] ::1 GET /styles.css
[02/01/2026, 02:14:12] ::1 GET /app.js
[02/01/2026, 02:14:13] ::1 GET /api/weather
[02/01/2026, 02:15:22] ::1 GET /api/weather/Los%20Angeles
[02/01/2026, 02:16:17] ::1 POST /api/users
[02/01/2026, 02:19:39] ::1 GET /
[02/01/2026, 02:19:39] ::1 GET /styles.css
[02/01/2026, 02:19:39] ::1 GET /app.js
[02/01/2026, 02:19:40] ::1 GET /api/weather
[02/01/2026, 02:20:32] ::1 GET /api/weather/Los%20Angeles
[02/01/2026, 02:21:02] ::1 POST /api/users
[02/01/2026, 02:36:57] ::1 GET /
[02/01/2026, 02:36:57] ::1 GET /styles.css
[02/01/2026, 02:36:57] ::1 GET /app.js
[02/01/2026, 02:36:58] ::1 GET /api/weather
[02/01/2026, 02:37:10] ::1 GET /api/weather/Los%20Angeles
[02/01/2026, 02:37:20] ::1 POST /api/users
[02/01/2026, 02:47:49] ::1 GET /
[02/01/2026, 02:47:50] ::1 GET /styles.css
[02/01/2026, 02:47:50] ::1 GET /app.js
[02/01/2026, 02:47:50] ::1 GET /api/weather
[02/01/2026, 02:49:11] ::1 GET /
[02/01/2026, 02:49:11] ::1 GET /styles.css
[02/01/2026, 02:49:11] ::1 GET /app.js
[02/01/2026, 02:49:23] ::1 GET /api/weather
[02/01/2026, 02:50:41] ::1 GET /
[02/01/2026, 02:50:41] ::1 GET /styles.css
[02/01/2026, 02:50:41] ::1 GET /app.js
[02/01/2026, 02:50:53] ::1 GET /api/weather
[02/01/2026, 02:51:17] ::1 DELETE /api/weather/Ca%C3%B1ada
[02/01/2026, 02:51:17] ::1 GET /api/weather
[02/01/2026, 02:54:01] ::1 GET /
[02/01/2026, 02:54:02] ::1 GET /styles.css
[02/01/2026, 02:54:02] ::1 GET /app.js
[02/01/2026, 02:54:02] ::1 GET /api/weather
[02/01/2026, 02:54:19] ::1 GET /api/weather/Los%20Angeles
[02/01/2026, 02:54:22] ::1 POST /api/users
[02/01/2026, 02:54:22] ::1 POST /api/users/test-email
[02/01/2026, 02:54:58] ::1 GET /api/weather/Nur-Sultan
[02/01/2026, 02:55:00] ::1 POST /api/users
[02/01/2026, 02:55:00] ::1 POST /api/users/test-email
[02/01/2026, 02:55:55] ::1 GET /api/weather/search?city=shymkent
[02/01/2026, 02:55:57] ::1 GET /api/weather/Aktau
[02/01/2026, 02:55:58] ::1 GET /api/weather/Taraz
[02/01/2026, 02:56:45] ::1 GET /api/weather/search?city=shymkent
[02/01/2026, 02:57:07] ::1 GET /api/weather/search?city=oskemen
[02/01/2026, 02:57:11] ::1 POST /api/users
[02/01/2026, 02:57:11] ::1 POST /api/users/test-email
[02/01/2026, 02:57:29] ::1 POST /api/users/test-email
[02/01/2026, 02:57:36] ::1 POST /api/users/test-email
[02/01/2026, 02:57:54] ::1 GET /api/weather/search?city=oral
[02/01/2026, 02:58:08] ::1 POST /api/users
[02/01/2026, 02:58:08] ::1 POST /api/users/test-email
[02/01/2026, 02:58:54] ::1 GET /api/weather/search?city=omsk
